quire 2.0 listening on http://127.0.0.1:3210
cache: warmed 1 page(s) in 26ms (on boot)
GET /ben-kia-bo-cua-mot-trieu-dai 200 3ms
GET /speculation-rules.json 200 0ms
GET /assets/site.37fc56nhfj.css 200 2ms
GET /fonts/literata-latin.woff2 200 1ms
GET /fonts/literata-vietnamese.woff2 200 0ms
GET /fonts/jetbrainsmono-latin.woff2 200 0ms
GET /fonts/jetbrainsmono-vietnamese.woff2 200 0ms
GET /assets/core.2nzyyowwim.js 200 0ms
GET /assets/post.r5tccmvstg.js 200 0ms
POST /api/track 204 1ms
GET /favicon.ico 200 0ms
GET /ben-kia-bo-cua-mot-trieu-dai 200 1ms
GET /speculation-rules.json 200 0ms
GET /assets/site.37fc56nhfj.css 200 2ms
GET /fonts/literata-latin.woff2 200 0ms
GET /fonts/literata-vietnamese.woff2 200 0ms
GET /fonts/jetbrainsmono-latin.woff2 200 0ms
GET /assets/post.r5tccmvstg.js 200 0ms
GET /fonts/jetbrainsmono-vietnamese.woff2 200 0ms
GET /assets/core.2nzyyowwim.js 200 0ms
POST /api/track 204 0ms
GET /favicon.ico 200 0ms
